<testsuites id="" name="" tests="2" failures="2" skipped="0" errors="0" time="34.748612">
<testsuite name="dashboard-doge-preset-persistence.spec.ts" timestamp="2025-12-04T13:12:46.769Z" hostname="chromium" tests="2" failures="2" skipped="0" time="61.648" errors="0">
<testcase name="DOGE Preset Persistence › should persist DOGE strategy selection after hard refresh" classname="dashboard-doge-preset-persistence.spec.ts" time="30.731">
<failure message="dashboard-doge-preset-persistence.spec.ts:23:7 should persist DOGE strategy selection after hard refresh" type="FAILURE">
<![CDATA[  [chromium] › dashboard-doge-preset-persistence.spec.ts:23:7 › DOGE Preset Persistence › should persist DOGE strategy selection after hard refresh 

    Test timeout of 30000ms exceeded.

    Error: locator.selectOption: Test timeout of 30000ms exceeded.
    Call log:
      - waiting for locator('tr:has-text("DOGE_USDT")').first().locator('select').first()
        - locator resolved to <select class="text-xs border border-gray-300 rounded px-2 py-1 bg-white w-20 relative z-10" title="📊 Estrategia: swing-conservadora↵RSI: buy<40 / sell>70↵MAs: EMA10=$0.149841 | MA50=$0.148604 ✗ MA50>EMA10 | MA200=$0.147746 ✓ Price>MA200↵SL≈ price - 1.5×ATR↵TP≈ price + 1.5×(price-SL)↵Notas: Operaciones multi-día · Confirmación MA50/MA200">…</select>
      - attempting select option action
        2 × waiting for element to be visible and enabled
          - did not find some options
        - retrying select option action
        - waiting 20ms
        2 × waiting for element to be visible and enabled
          - did not find some options
        - retrying select option action
          - waiting 100ms
        38 × waiting for element to be visible and enabled
           - did not find some options
         - retrying select option action
           - waiting 500ms


      54 |     // Select a different strategy (if not already selected)
      55 |     const targetPreset = currentValue === 'intraday' ? 'scalp' : 'intraday';
    > 56 |     await strategyDropdown.selectOption(targetPreset);
         |                            ^
      57 |     console.log(`[TEST] Selected preset: ${targetPreset}`);
      58 |
      59 |     // Wait for PUT request to complete
        at /Users/carloscruz/automated-trading-platform/frontend/tests/e2e/dashboard-doge-preset-persistence.spec.ts:56:28

    attachment #1: screenshot (image/png) ──────────────────────────────────────────────────────────
    ../../test-results/dashboard-doge-preset-pers-6cb06-election-after-hard-refresh-chromium/test-failed-1.png
    ────────────────────────────────────────────────────────────────────────────────────────────────

    attachment #2: video (video/webm) ──────────────────────────────────────────────────────────────
    ../../test-results/dashboard-doge-preset-pers-6cb06-election-after-hard-refresh-chromium/video.webm
    ────────────────────────────────────────────────────────────────────────────────────────────────

    Error Context: ../../test-results/dashboard-doge-preset-pers-6cb06-election-after-hard-refresh-chromium/error-context.md

    attachment #4: trace (application/zip) ─────────────────────────────────────────────────────────
    ../../test-results/dashboard-doge-preset-pers-6cb06-election-after-hard-refresh-chromium/trace.zip
    Usage:

        npx playwright show-trace ../../test-results/dashboard-doge-preset-pers-6cb06-election-after-hard-refresh-chromium/trace.zip

    ────────────────────────────────────────────────────────────────────────────────────────────────
]]>
</failure>
<system-out>
<![CDATA[[TEST] Current preset for DOGE_USDT: swing-conservative

[[ATTACHMENT|dashboard-doge-preset-pers-6cb06-election-after-hard-refresh-chromium/test-failed-1.png]]

[[ATTACHMENT|dashboard-doge-preset-pers-6cb06-election-after-hard-refresh-chromium/video.webm]]

[[ATTACHMENT|dashboard-doge-preset-pers-6cb06-election-after-hard-refresh-chromium/error-context.md]]

[[ATTACHMENT|dashboard-doge-preset-pers-6cb06-election-after-hard-refresh-chromium/trace.zip]]
]]>
</system-out>
</testcase>
<testcase name="DOGE Preset Persistence › should show &quot;Strategy not configured&quot; only when preset is truly missing" classname="dashboard-doge-preset-persistence.spec.ts" time="30.917">
<failure message="dashboard-doge-preset-persistence.spec.ts:144:7 should show &quot;Strategy not configured&quot; only when preset is truly missing" type="FAILURE">
<![CDATA[  [chromium] › dashboard-doge-preset-persistence.spec.ts:144:7 › DOGE Preset Persistence › should show "Strategy not configured" only when preset is truly missing 

    Test timeout of 30000ms exceeded.

    Error: page.waitForLoadState: Test timeout of 30000ms exceeded.
    =========================== logs ===========================
      "load" event fired
    ============================================================

      145 |     // Navigate to Watchlist tab
      146 |     await page.click('text=Watchlist');
    > 147 |     await page.waitForLoadState('networkidle');
          |                ^
      148 |
      149 |     // Find DOGE row
      150 |     const dogeRow = await page.locator(`tr:has-text("${TEST_SYMBOL}")`).first();
        at /Users/carloscruz/automated-trading-platform/frontend/tests/e2e/dashboard-doge-preset-persistence.spec.ts:147:16

    attachment #1: screenshot (image/png) ──────────────────────────────────────────────────────────
    ../../test-results/dashboard-doge-preset-pers-6c525-hen-preset-is-truly-missing-chromium/test-failed-1.png
    ────────────────────────────────────────────────────────────────────────────────────────────────

    attachment #2: video (video/webm) ──────────────────────────────────────────────────────────────
    ../../test-results/dashboard-doge-preset-pers-6c525-hen-preset-is-truly-missing-chromium/video.webm
    ────────────────────────────────────────────────────────────────────────────────────────────────

    Error Context: ../../test-results/dashboard-doge-preset-pers-6c525-hen-preset-is-truly-missing-chromium/error-context.md

    attachment #4: trace (application/zip) ─────────────────────────────────────────────────────────
    ../../test-results/dashboard-doge-preset-pers-6c525-hen-preset-is-truly-missing-chromium/trace.zip
    Usage:

        npx playwright show-trace ../../test-results/dashboard-doge-preset-pers-6c525-hen-preset-is-truly-missing-chromium/trace.zip

    ────────────────────────────────────────────────────────────────────────────────────────────────
]]>
</failure>
<system-out>
<![CDATA[
[[ATTACHMENT|dashboard-doge-preset-pers-6c525-hen-preset-is-truly-missing-chromium/test-failed-1.png]]

[[ATTACHMENT|dashboard-doge-preset-pers-6c525-hen-preset-is-truly-missing-chromium/video.webm]]

[[ATTACHMENT|dashboard-doge-preset-pers-6c525-hen-preset-is-truly-missing-chromium/error-context.md]]

[[ATTACHMENT|dashboard-doge-preset-pers-6c525-hen-preset-is-truly-missing-chromium/trace.zip]]
]]>
</system-out>
</testcase>
</testsuite>
</testsuites>